[{"time|reviewed|r1|r4|r3|||r5|r6|r7": true, "time|reviewed|r1|r2": true, "time|reviewed|r1|r1": true, "time|reviewed|r2": true, "id": "https://keboolavancouver.typeform.com/to/zYQP65?id=xxxxx", "field.id": "HeRytXsPRiK3", "ans_concat": "Jan Volny", "time|submitted": "2019-08-13T19:05:45Z", "id2": "mh53bpvgfac9gxn0mukmzt2ljkk04jlg", "time|11": true, "bool|bool_2": 1, "bool|bool_1": true},{"time|reviewed|r1|r4|r3|||r5|r6|r7": null, "time|reviewed|r1|r2": false, "time|reviewed|r1|r1": true, "time|reviewed|r2": false, "id": "https://keboolavancouver.typeform.com/to/zYQP65?id=xxxxx", "field.id": "B42TVvWCj8o9", "ans_concat": "jan.volny.jr@gmail.com", "time|submitted": "2019-08-13T19:05:45Z", "id2": "mh53bpvgfac9gxn0mukmzt2ljkk04jlg", "time|11": false, "bool|bool_2": 0, "bool|bool_1": false},{"time|reviewed|r1|r4|r3|||r5|r6|r7": true, "time|reviewed|r1|r2": false, "time|reviewed|r1|r1": true, "time|reviewed|r2": false, "id": "https://keboolavancouver.typeform.com/to/zYQP65?id=xxxxx", "field.id": "qdz8bzaldCoi", "ans_concat": "https://www.linkedin.com/in/janvolny/", "time|submitted": "2019-08-13T19:05:45Z", "id2": "mh53bpvgfac9gxn0mukmzt2ljkk04jlg", "time|11": true, "bool|bool_2": 0, "bool|bool_1": false},{"time|reviewed|r1|r4|r3|||r5|r6|r7": true, "time|reviewed|r1|r2": false, "time|reviewed|r1|r1": true, "time|reviewed|r2": false, "id": "https://keboolavancouver.typeform.com/to/zYQP65?id=xxxxx", "field.id": "zglNcIOQj0JX", "ans_concat": true, "time|submitted": "2019-08-13T19:05:45Z", "id2": "mh53bpvgfac9gxn0mukmzt2ljkk04jlg", "time|11": true, "bool|bool_2": 0, "bool|bool_1": false}]