[{"time": {"reviewed": {"r1": {"r2": true, "r1": true}, "r-2": true}, "submitted": "2019-08-13T19:05:45Z", "11": true}, "id": "https://keboolavancouver.typeform.com/to/XXXX?id=xxxxx", "ansconcat": "Jan Palek", "id2": "mh53bpv123456t2ljkk04jlg", "bool": {"bool2": 1, "bool1": true}, "field.id": "123456"},{"time": {"reviewed": {"r1": {"r2": true, "r1": true}, "r-2": true}, "submitted": "2019-08-13T19:05:45Z", "11": true}, "id": "https://keboolavancouver.typeform.com/to/XXXX?id=xxxxx", "ansconcat": "Jan Palek", "id2": "mh53bpv123456t2ljkk04jlg", "bool": {"bool2": 1, "bool1": true}, "field.id": "123456"},{"time": {"reviewed": {"r1": {"r2": true, "r1": true}, "r-2": true}, "submitted": "2019-08-13T19:05:45Z", "11": true}, "id": "https://keboolavancouver.typeform.com/to/XXXX?id=xxxxx", "ansconcat": "Jan Palek", "id2": "mh53bpv123456t2ljkk04jlg", "bool": {"bool2": 1, "bool1": true}, "field.id": "123456"},{"time": {"reviewed": {"r1": {"r2": true, "r1": true}, "r-2": true}, "submitted": "2019-08-13T19:05:45Z", "11": true}, "id": "https://keboolavancouver.typeform.com/to/XXXX?id=xxxxx", "ansconcat": "Jan Palek", "id2": "mh53bpv123456t2ljkk04jlg", "bool": {"bool2": 1, "bool1": true}, "field.id": "123456"}]