[{"time": {"reviewed": {"r1": {"r2": true, "r1": true}, "r2": true}, "submitted": "2019-08-13T19:05:45Z", "11": true}, "id": "https://keboolavancouver.typeform.com/to/XXXX?id=xxxxx", "field.id": "123456", "ansconcat": "Jan Palek", "id2": "mh53bpv123456t2ljkk04jlg", "bool": {"bool2": 1.0, "bool1": true}},{"time": {"reviewed": {"r1": {"r2": true, "r1": true}, "r2": true}, "submitted": "2019-08-13T19:05:45Z", "11": true}, "id": "https://keboolavancouver.typeform.com/to/XXXX?id=xxxxx", "field.id": "123456", "ansconcat": "Jan Palek", "id2": "mh53bpv123456t2ljkk04jlg", "bool": {"bool2": 1.0, "bool1": true}},{"time": {"reviewed": {"r1": {"r2": true, "r1": true}, "r2": true}, "submitted": "2019-08-13T19:05:45Z", "11": true}, "id": "https://keboolavancouver.typeform.com/to/XXXX?id=xxxxx", "field.id": "123456", "ansconcat": "Jan Palek", "id2": "mh53bpv123456t2ljkk04jlg", "bool": {"bool2": 1.0, "bool1": true}},{"time": {"reviewed": {"r1": {"r2": true, "r1": true}, "r2": true}, "submitted": "2019-08-13T19:05:45Z", "11": true}, "id": "https://keboolavancouver.typeform.com/to/XXXX?id=xxxxx", "field.id": "123456", "ansconcat": "Jan Palek", "id2": "mh53bpv123456t2ljkk04jlg", "bool": {"bool2": 1.0, "bool1": true}}]