[{"symbols": "TTT", "symbol_name": "Test", "compan_name_code": "TEST Inc.", "change_alert": "NaN", "json": {"content": "Ttest push", "defaultTranslation": true, "langs": ["en"], "name": "Obchod n\u00e1zev", "value": "Smajl's Shop"}}]